Sector master is successfully running now. check the master log at $DATA_DIRECTORY/.log for more details.
There is no further screen output from this program.
Sector master is successfully running now. check the master log at $DATA_DIRECTORY/.log for more details.
There is no further screen output from this program.
Sector version 2.5 build 09/22/2010.
Sector master is successfully running now. check the master log at $DATA_DIRECTORY/.log for more details.
There is no further screen output from this program.
0
0
6
